Wind River DLD V5.7.0.0		Thu Jun 04 18:02:54 2015

Command line:
dld -tPPC5534VEN:simple .\src\default560P.dld -m6 -lc -limpl
C:\Users\ahhas\Downloads\Unit3_4\output\romcopy.o
C:\Users\ahhas\Downloads\Unit3_4\output\bam_init.o
C:\Users\ahhas\Downloads\Unit3_4\output\crt0.o
C:\Users\ahhas\Downloads\Unit3_4\output\main.o
C:\Users\ahhas\Downloads\Unit3_4\output\siu.o
C:\Users\ahhas\Downloads\Unit3_4\output\can.o
C:\Users\ahhas\Downloads\Unit3_4\output\me.o
C:\Users\ahhas\Downloads\Unit3_4\output\pit.o
C:\Users\ahhas\Downloads\Unit3_4\output\adc.o
C:\Users\ahhas\Downloads\Unit3_4\output\interrupt.o
C:\Users\ahhas\Downloads\Unit3_4\output\init.o -o
C:\Users\ahhas\Downloads\Unit3_4\output\SPC560P50_Test_GenCC_WindRiver.elf

Output file name   : C:\Users\ahhas\Downloads\Unit3_4\output\SPC560P50_Test_GenCC_WindRiver.elf
Output file format : ELF
Target machine type: PPC

		Link Editor Memory Map


output		input		virtual
section		section		address		size	 file

.abs.00000040   		00000040	000000f8
		.abs.00000040   00000040	000000f8 C:\Users\ahhas\Downloads\Unit3_4\output\main.o
			Ext_Isr 00000040	000000f8


.rcw            		00000000	00000008
		.rcw            00000000	00000008 C:\Users\ahhas\Downloads\Unit3_4\output\bam_init.o
		ResetConfigWord 00000000	00000004
			 _reset 00000004	00000004


.init           		00000020	00000000

.init_vle       		00000020	00000000

.exec_vect      		00001000	00000000

.exec_vect_Vle  		00001000	00000000

.text           		00002000	00000000

.text_vle       		00002000	00001362
		.text_vle       00002000	000000a2 C:\Users\ahhas\Downloads\Unit3_4\output\romcopy.o
			romcopy 00002000	000000a2

		.text_vle       000020a2	00000000 C:\Users\ahhas\Downloads\Unit3_4\output\bam_init.o

		.text_vle       000020a4	00000058 C:\Users\ahhas\Downloads\Unit3_4\output\crt0.o
			 _start 000020a8	00000000
			   loop 000020b8	00000000

		.text_vle       000020fc	00000972 C:\Users\ahhas\Downloads\Unit3_4\output\main.o
	  CAN_MessageBufferInit 000020fc	000000f2
      CAN_Send_Indicator_Status 000021f0	00000106
     CAN_Send_Fuel_Level_Status 000022f8	000000fa
	   CAN_Send_Door_Status 000023f4	00000106
    CAN_Send_ECU4_Error_Message 000024fc	000000f2
			   main 000025f0	00000260
			 CANERR 00002850	00000026
			CANBOFF 00002878	00000026
			 CANWAK 000028a0	00000026
		       CANSEND0 000028c8	00000052
		       CANSEND1 0000291c	00000052
			CANRCV0 00002970	00000058
			CANRCV1 000029c8	00000052
		    PITCHANNEL0 00002a1c	0000002c
		    PITCHANNEL1 00002a48	00000026

		.text_vle       00002a70	00000248 C:\Users\ahhas\Downloads\Unit3_4\output\siu.o
			SIUInit 00002a70	00000248

		.text_vle       00002cb8	00000268 C:\Users\ahhas\Downloads\Unit3_4\output\can.o
			CANInit 00002cb8	00000268

		.text_vle       00002f20	0000009e C:\Users\ahhas\Downloads\Unit3_4\output\me.o
			 MEInit 00002f20	0000009e

		.text_vle       00002fc0	0000014e C:\Users\ahhas\Downloads\Unit3_4\output\pit.o
	     PIT_ConfigureTimer 00002fc0	00000030
		 PIT_StartTimer 00002ff0	0000002e
		  PIT_StopTimer 00003020	0000002e
			PITInit 00003050	000000be

		.text_vle       00003110	000000ac C:\Users\ahhas\Downloads\Unit3_4\output\adc.o
	    ADC_StartConversion 00003110	0000002e
			ADCInit 00003140	0000007c

		.text_vle       000031bc	0000013a C:\Users\ahhas\Downloads\Unit3_4\output\interrupt.o
		  InterruptInit 000031bc	0000013a

		.text_vle       000032f8	0000006a C:\Users\ahhas\Downloads\Unit3_4\output\init.o
			   Init 000032f8	0000006a


.rodata         		00003362	00000000

.ctors          		00003364	00000000

.dtors          		00003364	00000000

.sdata2         		00003364	00000000

.sbss2          		00003364	00000000

.vects          		00012000	00000000

.data           		00003364	00000000

.sdata          		00003364	00000010
		.sdata          40000000	00000010 C:\Users\ahhas\Downloads\Unit3_4\output\main.o
	  Left_Indicator_Status 40000000	00000001
		      Left_Door 40000001	00000001
		     Right_Door 40000002	00000001
		    Door_Status 40000003	00000001
	      Timer0_Flag_200ms 40000004	00000001
	      Timer0_Flag_400ms 40000005	00000001
	      Interrupt_Flag_03 40000006	00000001
		     Error_Flag 40000007	00000001
		    Speed_Value 40000008	00000002
		     Fuel_Level 4000000a	00000002
	 Right_Indicator_Status 4000000c	00000002
	    Hazard_Light_Status 4000000e	00000002


.sbss           		40000010	00000000

.bss            		40000010	00000000

.tibss          		40000010	00000000

.tidata         		40000010	00000000

.PPC.EMB.apuinfo		00000000	00000018
		.PPC.EMB.apuinfo 00000000	00000018 C:\WINDRI~1\diab\570~1.0\PPCVLEE\simple\libc.a


.debug_frame    		00000000	00000594
		.debug_frame    00000000	00000034 C:\Users\ahhas\Downloads\Unit3_4\output\romcopy.o
		    __local_cie 00000000	00000000

		.debug_frame    00000034	00000014 C:\Users\ahhas\Downloads\Unit3_4\output\bam_init.o
		    __local_cie 00000034	00000000

		.debug_frame    00000048	000002d0 C:\Users\ahhas\Downloads\Unit3_4\output\main.o
		    __local_cie 00000048	00000000

		.debug_frame    00000318	00000054 C:\Users\ahhas\Downloads\Unit3_4\output\siu.o
		    __local_cie 00000318	00000000

		.debug_frame    0000036c	00000054 C:\Users\ahhas\Downloads\Unit3_4\output\can.o
		    __local_cie 0000036c	00000000

		.debug_frame    000003c0	00000044 C:\Users\ahhas\Downloads\Unit3_4\output\me.o
		    __local_cie 000003c0	00000000

		.debug_frame    00000404	000000a4 C:\Users\ahhas\Downloads\Unit3_4\output\pit.o
		    __local_cie 00000404	00000000

		.debug_frame    000004a8	00000064 C:\Users\ahhas\Downloads\Unit3_4\output\adc.o
		    __local_cie 000004a8	00000000

		.debug_frame    0000050c	00000050 C:\Users\ahhas\Downloads\Unit3_4\output\interrupt.o
		    __local_cie 0000050c	00000000

		.debug_frame    0000055c	00000038 C:\Users\ahhas\Downloads\Unit3_4\output\init.o
		    __local_cie 0000055c	00000000


.debug_line     		00000000	000007ad
		.debug_line     00000000	00000097 C:\Users\ahhas\Downloads\Unit3_4\output\romcopy.o

		.debug_line     00000097	00000063 C:\Users\ahhas\Downloads\Unit3_4\output\bam_init.o

		.debug_line     000000fa	0000007d C:\Users\ahhas\Downloads\Unit3_4\output\crt0.o

		.debug_line     00000177	000001bd C:\Users\ahhas\Downloads\Unit3_4\output\main.o

		.debug_line     00000334	00000091 C:\Users\ahhas\Downloads\Unit3_4\output\main.o

		.debug_line     000003c5	0000009c C:\Users\ahhas\Downloads\Unit3_4\output\siu.o

		.debug_line     00000461	000000a0 C:\Users\ahhas\Downloads\Unit3_4\output\can.o

		.debug_line     00000501	0000007f C:\Users\ahhas\Downloads\Unit3_4\output\me.o

		.debug_line     00000580	000000a2 C:\Users\ahhas\Downloads\Unit3_4\output\pit.o

		.debug_line     00000622	00000085 C:\Users\ahhas\Downloads\Unit3_4\output\adc.o

		.debug_line     000006a7	00000085 C:\Users\ahhas\Downloads\Unit3_4\output\interrupt.o

		.debug_line     0000072c	00000081 C:\Users\ahhas\Downloads\Unit3_4\output\init.o


.debug_abbrev   		00000000	00000256
		.debug_abbrev   00000000	0000006d C:\Users\ahhas\Downloads\Unit3_4\output\romcopy.o

		.debug_abbrev   0000006d	00000039 C:\Users\ahhas\Downloads\Unit3_4\output\bam_init.o

		.debug_abbrev   000000a6	0000005a C:\Users\ahhas\Downloads\Unit3_4\output\main.o

		.debug_abbrev   00000100	0000002b C:\Users\ahhas\Downloads\Unit3_4\output\siu.o

		.debug_abbrev   0000012b	0000002b C:\Users\ahhas\Downloads\Unit3_4\output\can.o

		.debug_abbrev   00000156	0000002b C:\Users\ahhas\Downloads\Unit3_4\output\me.o

		.debug_abbrev   00000181	00000058 C:\Users\ahhas\Downloads\Unit3_4\output\pit.o

		.debug_abbrev   000001d9	00000029 C:\Users\ahhas\Downloads\Unit3_4\output\adc.o

		.debug_abbrev   00000202	00000029 C:\Users\ahhas\Downloads\Unit3_4\output\interrupt.o

		.debug_abbrev   0000022b	0000002b C:\Users\ahhas\Downloads\Unit3_4\output\init.o


.debug_info     		00000000	00000dca
		.debug_info     00000000	00000205 C:\Users\ahhas\Downloads\Unit3_4\output\romcopy.o

		.debug_info     00000205	000000e8 C:\Users\ahhas\Downloads\Unit3_4\output\bam_init.o

		.debug_info     000002ed	0000044a C:\Users\ahhas\Downloads\Unit3_4\output\main.o

		.debug_info     00000737	000000af C:\Users\ahhas\Downloads\Unit3_4\output\main.o

		.debug_info     000007e6	000000ae C:\Users\ahhas\Downloads\Unit3_4\output\siu.o

		.debug_info     00000894	000000ae C:\Users\ahhas\Downloads\Unit3_4\output\can.o

		.debug_info     00000942	000000ac C:\Users\ahhas\Downloads\Unit3_4\output\me.o

		.debug_info     000009ee	000001a2 C:\Users\ahhas\Downloads\Unit3_4\output\pit.o

		.debug_info     00000b90	000000d5 C:\Users\ahhas\Downloads\Unit3_4\output\adc.o

		.debug_info     00000c65	000000b9 C:\Users\ahhas\Downloads\Unit3_4\output\interrupt.o

		.debug_info     00000d1e	000000ac C:\Users\ahhas\Downloads\Unit3_4\output\init.o


Link editor command file symbols
                         __argv 00002000
                          __env 00002000
                     __DATA_ROM 00003364
                     __DATA_RAM 40000000
                     __DATA_END 40000010
                    __BSS_START 40000010
                      __BSS_END 40000010
                   __HEAP_START 40000010
                      __SP_INIT 4000a000
                       __SP_END 40009800
                     __HEAP_END 40009800
                  ___HEAP_START 40000010
                    ___HEAP_END 40009800
                     ___SP_INIT 4000a000
                      ___SP_END 40009800
                    ___DATA_ROM 00003364
                    ___DATA_RAM 40000000
                    ___DATA_END 40000010
                   ___BSS_START 40000010
                     ___BSS_END 40000010
                     _SDA_BASE_ 40007ff0
                    _SDA2_BASE_ 0000b354

                                Cross Reference Table

Symbol                          Output          Input           Referenced
                                Section         Section         (* - Defined)

ADCInit                         .text_vle	.text_vle	  C:\Users\ahhas\Downloads\Unit3_4\output\init.o
                                                                * C:\Users\ahhas\Downloads\Unit3_4\output\adc.o
ADC_StartConversion             .text_vle	.text_vle	* C:\Users\ahhas\Downloads\Unit3_4\output\adc.o
                                                                  C:\Users\ahhas\Downloads\Unit3_4\output\main.o
CANBOFF                         .text_vle	.text_vle	* C:\Users\ahhas\Downloads\Unit3_4\output\main.o
CANERR                          .text_vle	.text_vle	* C:\Users\ahhas\Downloads\Unit3_4\output\main.o
CANInit                         .text_vle	.text_vle	  C:\Users\ahhas\Downloads\Unit3_4\output\init.o
                                                                * C:\Users\ahhas\Downloads\Unit3_4\output\can.o
CANRCV0                         .text_vle	.text_vle	* C:\Users\ahhas\Downloads\Unit3_4\output\main.o
CANRCV1                         .text_vle	.text_vle	* C:\Users\ahhas\Downloads\Unit3_4\output\main.o
CANSEND0                        .text_vle	.text_vle	* C:\Users\ahhas\Downloads\Unit3_4\output\main.o
CANSEND1                        .text_vle	.text_vle	* C:\Users\ahhas\Downloads\Unit3_4\output\main.o
CANWAK                          .text_vle	.text_vle	* C:\Users\ahhas\Downloads\Unit3_4\output\main.o
CAN_MessageBufferInit           .text_vle	.text_vle	  C:\Users\ahhas\Downloads\Unit3_4\output\can.o
                                                                * C:\Users\ahhas\Downloads\Unit3_4\output\main.o
CAN_Send_Door_Status            .text_vle	.text_vle	* C:\Users\ahhas\Downloads\Unit3_4\output\main.o
CAN_Send_ECU4_Error_Message     .text_vle	.text_vle	* C:\Users\ahhas\Downloads\Unit3_4\output\main.o
CAN_Send_Fuel_Level_Status      .text_vle	.text_vle	* C:\Users\ahhas\Downloads\Unit3_4\output\main.o
CAN_Send_Indicator_Status       .text_vle	.text_vle	* C:\Users\ahhas\Downloads\Unit3_4\output\main.o
Door_Status                     .sdata  	.sdata  	* C:\Users\ahhas\Downloads\Unit3_4\output\main.o
Error_Flag                      .sdata  	.sdata  	* C:\Users\ahhas\Downloads\Unit3_4\output\main.o
Ext_Isr                         .abs.00000040	.abs.00000040	* C:\Users\ahhas\Downloads\Unit3_4\output\main.o
Fuel_Level                      .sdata  	.sdata  	* C:\Users\ahhas\Downloads\Unit3_4\output\main.o
Hazard_Light_Status             .sdata  	.sdata  	* C:\Users\ahhas\Downloads\Unit3_4\output\main.o
Init                            .text_vle	.text_vle	* C:\Users\ahhas\Downloads\Unit3_4\output\init.o
                                                                  C:\Users\ahhas\Downloads\Unit3_4\output\main.o
InterruptInit                   .text_vle	.text_vle	  C:\Users\ahhas\Downloads\Unit3_4\output\init.o
                                                                * C:\Users\ahhas\Downloads\Unit3_4\output\interrupt.o
Interrupt_Flag_03               .sdata  	.sdata  	* C:\Users\ahhas\Downloads\Unit3_4\output\main.o
Left_Door                       .sdata  	.sdata  	* C:\Users\ahhas\Downloads\Unit3_4\output\main.o
Left_Indicator_Status           .sdata  	.sdata  	* C:\Users\ahhas\Downloads\Unit3_4\output\main.o
MEInit                          .text_vle	.text_vle	  C:\Users\ahhas\Downloads\Unit3_4\output\init.o
                                                                * C:\Users\ahhas\Downloads\Unit3_4\output\me.o
PITCHANNEL0                     .text_vle	.text_vle	* C:\Users\ahhas\Downloads\Unit3_4\output\main.o
PITCHANNEL1                     .text_vle	.text_vle	* C:\Users\ahhas\Downloads\Unit3_4\output\main.o
PITInit                         .text_vle	.text_vle	  C:\Users\ahhas\Downloads\Unit3_4\output\init.o
                                                                * C:\Users\ahhas\Downloads\Unit3_4\output\pit.o
PIT_ConfigureTimer              .text_vle	.text_vle	* C:\Users\ahhas\Downloads\Unit3_4\output\pit.o
                                                                  C:\Users\ahhas\Downloads\Unit3_4\output\main.o
PIT_StartTimer                  .text_vle	.text_vle	* C:\Users\ahhas\Downloads\Unit3_4\output\pit.o
                                                                  C:\Users\ahhas\Downloads\Unit3_4\output\main.o
PIT_StopTimer                   .text_vle	.text_vle	* C:\Users\ahhas\Downloads\Unit3_4\output\pit.o
ResetConfigWord                 .rcw    	.rcw    	* C:\Users\ahhas\Downloads\Unit3_4\output\bam_init.o
Right_Door                      .sdata  	.sdata  	* C:\Users\ahhas\Downloads\Unit3_4\output\main.o
Right_Indicator_Status          .sdata  	.sdata  	* C:\Users\ahhas\Downloads\Unit3_4\output\main.o
SIUInit                         .text_vle	.text_vle	  C:\Users\ahhas\Downloads\Unit3_4\output\init.o
                                                                * C:\Users\ahhas\Downloads\Unit3_4\output\siu.o
Speed_Value                     .sdata  	.sdata  	* C:\Users\ahhas\Downloads\Unit3_4\output\main.o
Timer0_Flag_200ms               .sdata  	.sdata  	* C:\Users\ahhas\Downloads\Unit3_4\output\main.o
Timer0_Flag_400ms               .sdata  	.sdata  	* C:\Users\ahhas\Downloads\Unit3_4\output\main.o
_SDA2_BASE_                     [absolute]	        	  C:\Users\ahhas\Downloads\Unit3_4\output\crt0.o
                                                                * C:\WINDRI~1\diab\570~1.0\PPCVLEE\simple\libc.a
_SDA_BASE_                      .sdata  	.sdata  	  C:\Users\ahhas\Downloads\Unit3_4\output\crt0.o
                                                                * C:\WINDRI~1\diab\570~1.0\PPCVLEE\simple\libc.a
__BSS_END                       [absolute]	        	  C:\Users\ahhas\Downloads\Unit3_4\output\romcopy.o
                                                                * .\src\default560P.dld
__BSS_START                     [absolute]	        	  C:\Users\ahhas\Downloads\Unit3_4\output\romcopy.o
                                                                * .\src\default560P.dld
__DATA_END                      [absolute]	        	  C:\Users\ahhas\Downloads\Unit3_4\output\romcopy.o
                                                                * .\src\default560P.dld
__DATA_RAM                      [absolute]	        	  C:\Users\ahhas\Downloads\Unit3_4\output\romcopy.o
                                                                * .\src\default560P.dld
__DATA_ROM                      [absolute]	        	  C:\Users\ahhas\Downloads\Unit3_4\output\romcopy.o
                                                                * .\src\default560P.dld
__HEAP_END                      [absolute]	        	* .\src\default560P.dld
__HEAP_START                    [absolute]	        	* .\src\default560P.dld
__SP_END                        [absolute]	        	* .\src\default560P.dld
__SP_INIT                       [absolute]	        	  C:\Users\ahhas\Downloads\Unit3_4\output\crt0.o
                                                                * .\src\default560P.dld
___BSS_END                      [absolute]	        	* .\src\default560P.dld
___BSS_START                    [absolute]	        	* .\src\default560P.dld
___DATA_END                     [absolute]	        	* .\src\default560P.dld
___DATA_RAM                     [absolute]	        	* .\src\default560P.dld
___DATA_ROM                     [absolute]	        	* .\src\default560P.dld
___HEAP_END                     [absolute]	        	* .\src\default560P.dld
___HEAP_START                   [absolute]	        	* .\src\default560P.dld
___SP_END                       [absolute]	        	* .\src\default560P.dld
___SP_INIT                      [absolute]	        	* .\src\default560P.dld
__argv                          [absolute]	        	* .\src\default560P.dld
__env                           [absolute]	        	* .\src\default560P.dld
_reset                          .rcw    	.rcw    	* C:\Users\ahhas\Downloads\Unit3_4\output\bam_init.o
_start                          .text_vle	.text_vle	* C:\Users\ahhas\Downloads\Unit3_4\output\crt0.o
                                                                  C:\Users\ahhas\Downloads\Unit3_4\output\bam_init.o
main                            .text_vle	.text_vle	* C:\Users\ahhas\Downloads\Unit3_4\output\main.o
                                                                  C:\Users\ahhas\Downloads\Unit3_4\output\romcopy.o
romcopy                         .text_vle	.text_vle	  C:\Users\ahhas\Downloads\Unit3_4\output\crt0.o
                                                                * C:\Users\ahhas\Downloads\Unit3_4\output\romcopy.o
